
> ocr-react-demo@0.1.0 dev
> vite --port 5173 --strictPort


  VITE v5.4.21  ready in 516 ms

  ➜  Local:   http://localhost:5173/
  ➜  Network: use --host to expose
env: node: No such file or directory
env: node: No such file or directory
env: node: No such file or directory
env: node: No such file or directory
env: node: No such file or directory

> ocr-react-demo@0.1.0 dev
> vite --port 5173 --strictPort


  VITE v5.4.21  ready in 181 ms

  ➜  Local:   http://localhost:5173/
  ➜  Network: use --host to expose

> ocr-react-demo@0.1.0 dev
> vite --port 5173 --strictPort


  VITE v5.4.21  ready in 128 ms

  ➜  Local:   http://localhost:5173/
  ➜  Network: use --host to expose

> ocr-react-demo@0.1.0 dev
> vite --port 5173 --strictPort


  VITE v8.3.0  ready in 633 ms

  ➜  Local:   http://localhost:5173/
  ➜  Network: use --host to expose

> ocr-react-demo@0.1.0 dev
> vite --port 5173 --strictPort


  VITE v8.3.0  ready in 224 ms

  ➜  Local:   http://localhost:5173/
  ➜  Network: use --host to expose
5:03:13 PM [vite] .env.local changed, restarting server...
5:03:13 PM [vite] .env.local changed, restarting server...
5:03:13 PM [vite] server restarted.
5:03:35 PM [vite] (client) hmr update /src/App.tsx

> ocr-react-demo@0.1.0 dev
> vite --port 5173 --strictPort


  VITE v8.3.0  ready in 133 ms

  ➜  Local:   http://localhost:5173/
  ➜  Network: use --host to expose

> ocr-react-demo@0.1.0 dev
> vite --port 5173 --strictPort


  VITE v8.3.0  ready in 190 ms

  ➜  Local:   http://localhost:5173/
  ➜  Network: use --host to expose
